<?xml version="1.0" encoding="utf-8"?><testsuites><testsuite name="pytest" errors="0" failures="0" skipped="0" tests="4" time="4.154" timestamp="2023-03-31T12:34:17.909195" hostname="DESKTOP-ABIQ45A"><testcase classname="tests.polytest.TestBot" name="test_message_handler" time="0.013" /><testcase classname="tests.polytest.TestBot" name="test_send_text" time="0.006" /><testcase classname="tests.polytest.TestBot" name="test_send_text2" time="0.008" /><testcase classname="tests.polytest.TestBot" name="test_start" time="0.011" /></testsuite></testsuites>